<div class="content-list"><ul>
<li>list item</li>
<li>list 2</li>
</ul></div>
